[{"stream_name":"stderr","time":8.061675723,"data":"/usr/local/lib/python3.12/dist-packages/nbformat/__init__.py:96: MissingIDFieldWarning: Cell is missing an id field, this will become a hard error in future nbformat versions. You may want to use `normalize()` on your notebooks before validations (available since nbformat 5.1.4). Previous versions of nbformat are fixing this issue transparently, and will stop doing so in the future.\n"}
,{"stream_name":"stderr","time":8.06178259,"data":"  validate(nb)\n"}
,{"stream_name":"stderr","time":9.373899665,"data":"0.00s - Debugger warning: It seems that frozen modules are being used, which may\n"}
,{"stream_name":"stderr","time":9.373936299,"data":"0.00s - make the debugger miss breakpoints. Please pass -Xfrozen_modules=off\n"}
,{"stream_name":"stderr","time":9.373942469,"data":"0.00s - to python to disable frozen modules.\n"}
,{"stream_name":"stderr","time":9.373946754,"data":"0.00s - Note: Debugging will proceed. Set PYDEVD_DISABLE_FILE_VALIDATION=1 to disable this validation.\n"}
,{"stream_name":"stderr","time":10.21156916,"data":"0.00s - Debugger warning: It seems that frozen modules are being used, which may\n"}
,{"stream_name":"stderr","time":10.211608059,"data":"0.00s - make the debugger miss breakpoints. Please pass -Xfrozen_modules=off\n"}
,{"stream_name":"stderr","time":10.211613542,"data":"0.00s - to python to disable frozen modules.\n"}
,{"stream_name":"stderr","time":10.211618917,"data":"0.00s - Note: Debugging will proceed. Set PYDEVD_DISABLE_FILE_VALIDATION=1 to disable this validation.\n"}
,{"stream_name":"stderr","time":19.880689604,"data":"Traceback (most recent call last):\n"}
,{"stream_name":"stderr","time":19.880758458,"data":"  File \"\u003cstring\u003e\", line 1, in \u003cmodule\u003e\n"}
,{"stream_name":"stderr","time":19.880772192,"data":"  File \"/usr/local/lib/python3.12/dist-packages/papermill/execute.py\", line 131, in execute_notebook\n"}
,{"stream_name":"stderr","time":19.880782572,"data":"    raise_for_execution_errors(nb, output_path)\n"}
,{"stream_name":"stderr","time":19.88096169,"data":"  File \"/usr/local/lib/python3.12/dist-packages/papermill/execute.py\", line 251, in raise_for_execution_errors\n"}
,{"stream_name":"stderr","time":19.880994536,"data":"    raise error\n"}
,{"stream_name":"stderr","time":19.881345684,"data":"papermill.exceptions.PapermillExecutionError: \n"}
,{"stream_name":"stderr","time":19.88136787,"data":"---------------------------------------------------------------------------\n"}
,{"stream_name":"stderr","time":19.881376405,"data":"Exception encountered at \"In [1]\":\n"}
,{"stream_name":"stderr","time":19.881383424,"data":"---------------------------------------------------------------------------\n"}
,{"stream_name":"stderr","time":19.881389983,"data":"FileNotFoundError                         Traceback (most recent call last)\n"}
,{"stream_name":"stderr","time":19.881395839,"data":"/tmp/ipykernel_16/2844427790.py in \u003ccell line: 0\u003e()\n"}
,{"stream_name":"stderr","time":19.881401707,"data":"     27 \n"}
,{"stream_name":"stderr","time":19.881406764,"data":"     28 if Path('/kaggle/working').exists():\n"}
,{"stream_name":"stderr","time":19.8814119,"data":"---\u003e 29     RAW_DIR = find_kaggle_raw_dir()\n"}
,{"stream_name":"stderr","time":19.881417241,"data":"     30     OUTPUT_PATH = Path('/kaggle/working/submission.csv')\n"}
,{"stream_name":"stderr","time":19.881422585,"data":"     31 else:\n"}
,{"stream_name":"stderr","time":19.881427724,"data":"\n"}
,{"stream_name":"stderr","time":19.881432693,"data":"/tmp/ipykernel_16/2844427790.py in find_kaggle_raw_dir()\n"}
,{"stream_name":"stderr","time":19.881437989,"data":"     24             return candidate\n"}
,{"stream_name":"stderr","time":19.881480022,"data":"     25     available = sorted(str(path) for path in input_root.glob('*')) if input_root.exists() else []\n"}
,{"stream_name":"stderr","time":19.881486664,"data":"---\u003e 26     raise FileNotFoundError(f'Could not find Kaggle raw data under /kaggle/input. Available: {available}')\n"}
,{"stream_name":"stderr","time":19.88149193,"data":"     27 \n"}
,{"stream_name":"stderr","time":19.881495684,"data":"     28 if Path('/kaggle/working').exists():\n"}
,{"stream_name":"stderr","time":19.881507735,"data":"\n"}
,{"stream_name":"stderr","time":19.881511612,"data":"FileNotFoundError: Could not find Kaggle raw data under /kaggle/input. Available: ['/kaggle/input/competitions']\n"}
,{"stream_name":"stderr","time":19.881516022,"data":"\n"}
,{"stream_name":"stderr","time":22.798371435,"data":"/usr/local/lib/python3.12/dist-packages/mistune.py:435: SyntaxWarning: invalid escape sequence '\\|'\n"}
,{"stream_name":"stderr","time":22.798417125,"data":"  cells[i][c] = re.sub('\\\\\\\\\\|', '|', cell)\n"}
,{"stream_name":"stderr","time":23.016399668,"data":"/usr/local/lib/python3.12/dist-packages/nbconvert/filters/filter_links.py:36: SyntaxWarning: invalid escape sequence '\\_'\n"}
,{"stream_name":"stderr","time":23.016431907,"data":"  text = re.sub(r'_', '\\_', text) # Escape underscores in display text\n"}
,{"stream_name":"stderr","time":23.859069659,"data":"[NbConvertApp] Converting notebook __notebook__.ipynb to notebook\n"}
,{"stream_name":"stderr","time":24.246406272,"data":"[NbConvertApp] Writing 19134 bytes to __notebook__.ipynb\n"}
,{"stream_name":"stderr","time":27.433912602,"data":"[NbConvertApp] Converting notebook __notebook__.ipynb to html\n"}
,{"stream_name":"stderr","time":28.567558955,"data":"[NbConvertApp] Writing 339838 bytes to __results__.html\n"}
]